// Jest Snapshot v1, https://goo.gl/fbAQLP

exports[`matches snapshot 1`] = `
<DocumentFragment>
  <div
    class="SearchForm mb-4"
  >
    <form
      class="form-inline"
    >
      <input
        name="searchWords"
        placeholder="Enter search"
        value=""
      />
      <button
        type="submit"
      >
        Search
      </button>
    </form>
  </div>
</DocumentFragment>
`;
